[daily-report:kai] Weekend — skipping daily report
/Users/kai/Documents/Projects/Hyo/bin/daily-agent-report.sh: line 43: nel: unbound variable
/Users/kai/Documents/Projects/Hyo/bin/daily-agent-report.sh: line 43: nel: unbound variable
/Users/kai/Documents/Projects/Hyo/bin/daily-agent-report.sh: line 43: nel: unbound variable
/Users/kai/Documents/Projects/Hyo/bin/daily-agent-report.sh: line 43: nel: unbound variable
/Users/kai/Documents/Projects/Hyo/bin/daily-agent-report.sh: line 43: nel: unbound variable
[daily-report:kai] Weekend — skipping daily report
[daily-report:kai] Weekend — skipping daily report
/Users/kai/Documents/Projects/Hyo/bin/daily-agent-report.sh: line 43: nel: unbound variable
/Users/kai/Documents/Projects/Hyo/bin/daily-agent-report.sh: line 43: nel: unbound variable
/Users/kai/Documents/Projects/Hyo/bin/daily-agent-report.sh: line 43: nel: unbound variable
[daily-report:kai] published kai-daily-2026-04-30 git=True live=True
[daily-report:kai] goals: [23:30:01] agent-goals-sync: Done: 0/0 agents synced for 2026-04-30
[daily-report:kai] published kai-daily-2026-05-04 git=True live=True
[daily-report:kai] goals: [23:30:00] agent-goals-sync: Done: 0/0 agents synced for 2026-05-04
[daily-report:kai] published kai-daily-2026-05-05 git=True live=True
[daily-report:kai] goals: [23:30:05] agent-goals-sync: Done: 0/0 agents synced for 2026-05-05
[daily-report:kai] published kai-daily-2026-05-06 git=True live=True
[daily-report:kai] goals: [23:30:00] agent-goals-sync: Done: 0/0 agents synced for 2026-05-06
[daily-report:kai] Already published for 2026-05-07 — skipping
[daily-report:kai] Already published for 2026-05-08 — skipping
[daily-report:kai] Weekend — skipping daily report
[daily-report:kai] Weekend — skipping daily report
[daily-report:kai] Already published for 2026-05-11 — skipping
[daily-report:kai] Already published for 2026-05-12 — skipping
[daily-report:kai] Already published for 2026-05-13 — skipping
[daily-report:kai] Already published for 2026-05-14 — skipping
[daily-report:kai] Already published for 2026-05-15 — skipping
[daily-report:kai] Weekend — skipping daily report
[daily-report:kai] Weekend — skipping daily report
[daily-report:kai] Already published for 2026-05-18 — skipping
[daily-report:kai] Already published for 2026-05-19 — skipping
[daily-report:kai] Already published for 2026-05-20 — skipping
[daily-report:kai] Already published for 2026-05-21 — skipping
[daily-report:kai] Already published for 2026-05-22 — skipping
[daily-report:kai] Weekend — skipping daily report
[daily-report:kai] Weekend — skipping daily report
[daily-report:kai] Already published for 2026-05-25 — skipping
[daily-report:kai] Already published for 2026-05-26 — skipping
