[check 08:00:04] === Completeness check 2026-04-19 (dow=7) ===
[check 08:00:04] Sunday — no reports required.
[check 08:00:00] === Completeness check 2026-04-20 (dow=1) ===
[check 08:00:00] FAIL: morning-report 2026-04-20 (morning-report-2026-04-20)
[check 08:00:00] Ticket opened: REPORT-CHECK-202604200800-kai — Morning report 2026-04-20
[check 08:00:00] Remediating: kai morning-report
[check 08:00:00] OK: newsletter 2026-04-20
[check 08:00:00] FAIL: newsletter HTML missing at website/daily/2026-04-20.html — readLink will 404
[check 08:00:00] Ticket opened: REPORT-CHECK-202604200800-ra — Newsletter HTML missing for 2026-04-20
[check 08:00:00] OK: newsletter HTML recovered from ra/output
[check 08:00:00] FAIL: daily nel (nel-daily-2026-04-20)
[check 08:00:00] Remediating: nel daily
[check 08:00:00] FAIL: daily ra (ra-daily-2026-04-20)
[check 08:00:00] Remediating: ra daily
[check 08:00:00] FAIL: daily sam (sam-daily-2026-04-20)
[check 08:00:00] Remediating: sam daily
[check 08:00:00] FAIL: daily kai (kai-daily-2026-04-20)
[check 08:00:00] Remediating: kai daily
[check 08:00:05] === Completeness check done. Failures: 0 ===
[check 08:00:01] === Completeness check 2026-04-21 (dow=2) ===
[check 08:00:01] FAIL: morning-report 2026-04-21 (morning-report-2026-04-21)
[check 08:00:01] Ticket opened: REPORT-CHECK-202604210800-kai — Morning report 2026-04-21
[check 08:00:01] Remediating: kai morning-report
[check 08:00:01] OK: newsletter 2026-04-21
[check 08:00:01] FAIL: newsletter HTML missing at website/daily/2026-04-21.html — readLink will 404
[check 08:00:01] Ticket opened: REPORT-CHECK-202604210800-ra — Newsletter HTML missing for 2026-04-21
[check 08:00:01] OK: newsletter HTML recovered from ra/output
[check 08:00:02] FAIL: daily nel (nel-daily-2026-04-21)
[check 08:00:02] Remediating: nel daily
[check 08:00:02] FAIL: daily ra (ra-daily-2026-04-21)
[check 08:00:02] Remediating: ra daily
[check 08:00:02] FAIL: daily sam (sam-daily-2026-04-21)
[check 08:00:02] Remediating: sam daily
[check 08:00:02] FAIL: daily aether (aether-daily-2026-04-21)
[check 08:00:02] Remediating: aether daily
[check 08:00:02] FAIL: daily kai (kai-daily-2026-04-21)
[check 08:00:02] Remediating: kai daily
[check 08:00:02] FAIL: aether-analysis 2026-04-20 (aether-analysis-2026-04-20)
[check 08:00:02] Ticket opened: REPORT-CHECK-202604210800-aether — Aether analysis 2026-04-20
[check 08:00:02] Remediating: aether aether-analysis
[check 08:00:02] FAIL: aether-analysis — REMEDIATION FAILED — check Mini API keys
[check 08:00:03] === Completeness check done. Failures: 1 ===
[check 08:00:03] ACTION REQUIRED: 1 report(s) failed auto-remediation
[check 07:25:43] === Completeness check 2026-04-22 (dow=3) ===
[check 07:25:43] FAIL: morning-report 2026-04-22 (morning-report-2026-04-22)
[check 07:25:43] Ticket opened: REPORT-CHECK-202604220725-kai — Morning report 2026-04-22
[check 07:25:43] Remediating: kai morning-report
[check 07:25:43] OK: newsletter 2026-04-22
[check 07:25:43] FAIL: newsletter HTML missing at website/daily/2026-04-22.html — readLink will 404
[check 07:25:43] Ticket opened: REPORT-CHECK-202604220725-ra — Newsletter HTML missing for 2026-04-22
[check 07:25:43] OK: newsletter HTML recovered from ra/output
[check 07:25:43] FAIL: daily nel (nel-daily-2026-04-22)
[check 07:25:43] Remediating: nel daily
[check 07:25:43] FAIL: daily ra (ra-daily-2026-04-22)
[check 07:25:43] Remediating: ra daily
[check 07:25:43] FAIL: daily sam (sam-daily-2026-04-22)
[check 07:25:43] Remediating: sam daily
[check 07:25:43] FAIL: daily aether (aether-daily-2026-04-22)
[check 07:25:43] Remediating: aether daily
[check 07:25:44] FAIL: daily kai (kai-daily-2026-04-22)
[check 07:25:44] Remediating: kai daily
[check 07:25:44] FAIL: aether-analysis 2026-04-21 (aether-analysis-2026-04-21)
[check 07:25:44] Ticket opened: REPORT-CHECK-202604220725-aether — Aether analysis 2026-04-21
[check 07:25:44] Remediating: aether aether-analysis
[check 07:26:33] FAIL: aether-analysis — REMEDIATION FAILED — check Mini API keys
[check 07:26:34] === Completeness check done. Failures: 1 ===
[check 07:26:34] ACTION REQUIRED: 1 report(s) failed auto-remediation
[check 08:00:04] === Completeness check 2026-04-22 (dow=3) ===
[check 08:00:04] FAIL: morning-report 2026-04-22 (morning-report-2026-04-22)
[check 08:00:04] Ticket opened: REPORT-CHECK-202604220800-kai — Morning report 2026-04-22
[check 08:00:04] Remediating: kai morning-report
[check 08:00:05] OK: newsletter 2026-04-22
[check 08:00:05] FAIL: daily nel (nel-daily-2026-04-22)
[check 08:00:05] Remediating: nel daily
[check 08:00:05] FAIL: daily ra (ra-daily-2026-04-22)
[check 08:00:05] Remediating: ra daily
[check 08:00:05] FAIL: daily sam (sam-daily-2026-04-22)
[check 08:00:05] Remediating: sam daily
[check 08:00:05] FAIL: daily aether (aether-daily-2026-04-22)
[check 08:00:05] Remediating: aether daily
[check 08:00:05] FAIL: daily kai (kai-daily-2026-04-22)
[check 08:00:05] Remediating: kai daily
[check 08:00:05] FAIL: aether-analysis 2026-04-21 (aether-analysis-2026-04-21)
[check 08:00:05] Ticket opened: REPORT-CHECK-202604220800-aether — Aether analysis 2026-04-21
[check 08:00:05] Remediating: aether aether-analysis
[check 08:00:06] FAIL: aether-analysis — REMEDIATION FAILED — check Mini API keys
[check 08:00:06] === Completeness check done. Failures: 1 ===
[check 08:00:06] ACTION REQUIRED: 1 report(s) failed auto-remediation
[check 07:16:00] === Completeness check 2026-04-23 (dow=4) ===
[check 07:16:00] FAIL: morning-report 2026-04-23 (morning-report-2026-04-23)
[check 07:16:00] Ticket opened: REPORT-CHECK-202604230716-kai — Morning report 2026-04-23
[check 07:16:00] Remediating: kai morning-report
[check 07:16:00] OK: newsletter 2026-04-23
[check 07:16:00] FAIL: newsletter HTML missing at website/daily/2026-04-23.html — readLink will 404
[check 07:16:00] Ticket opened: REPORT-CHECK-202604230716-ra — Newsletter HTML missing for 2026-04-23
[check 07:16:00] OK: newsletter HTML recovered from ra/output
[check 07:16:01] FAIL: daily nel (nel-daily-2026-04-23)
[check 07:16:01] Remediating: nel daily
[check 07:16:01] FAIL: daily ra (ra-daily-2026-04-23)
[check 07:16:01] Remediating: ra daily
[check 07:16:02] FAIL: daily sam (sam-daily-2026-04-23)
[check 07:16:02] Remediating: sam daily
[check 07:16:02] FAIL: daily aether (aether-daily-2026-04-23)
[check 07:16:02] Remediating: aether daily
[check 07:16:02] FAIL: daily kai (kai-daily-2026-04-23)
[check 07:16:02] Remediating: kai daily
[check 07:16:03] OK: aether-analysis 2026-04-22
[check 07:16:04] === Completeness check done. Failures: 0 ===
[check 08:00:03] === Completeness check 2026-04-23 (dow=4) ===
[check 08:00:03] FAIL: morning-report 2026-04-23 (morning-report-2026-04-23)
[check 08:00:03] Ticket opened: REPORT-CHECK-202604230800-kai — Morning report 2026-04-23
[check 08:00:03] Remediating: kai morning-report
[check 08:00:04] OK: newsletter 2026-04-23
[check 08:00:04] FAIL: daily nel (nel-daily-2026-04-23)
[check 08:00:04] Remediating: nel daily
[check 08:00:04] FAIL: daily ra (ra-daily-2026-04-23)
[check 08:00:04] Remediating: ra daily
[check 08:00:05] FAIL: daily sam (sam-daily-2026-04-23)
[check 08:00:05] Remediating: sam daily
[check 08:00:05] FAIL: daily aether (aether-daily-2026-04-23)
[check 08:00:05] Remediating: aether daily
[check 08:00:06] FAIL: daily kai (kai-daily-2026-04-23)
[check 08:00:06] Remediating: kai daily
[check 08:00:06] OK: aether-analysis 2026-04-22
[check 08:00:08] === Completeness check done. Failures: 0 ===
[check 07:03:12] === Completeness check 2026-04-24 (dow=5) ===
[check 07:03:12] FAIL: morning-report 2026-04-24 (morning-report-2026-04-24)
[check 07:03:12] Ticket opened: REPORT-CHECK-202604240703-kai — Morning report 2026-04-24
[check 07:03:12] Remediating: kai morning-report
[check 07:03:12] OK: newsletter 2026-04-24
[check 07:03:12] FAIL: newsletter HTML missing at website/daily/2026-04-24.html — readLink will 404
[check 07:03:12] Ticket opened: REPORT-CHECK-202604240703-ra — Newsletter HTML missing for 2026-04-24
[check 07:03:12] OK: newsletter HTML recovered from ra/output
[check 07:03:12] FAIL: daily nel (nel-daily-2026-04-24)
[check 07:03:12] Remediating: nel daily
[check 07:03:12] FAIL: daily ra (ra-daily-2026-04-24)
[check 07:03:12] Remediating: ra daily
[check 07:03:12] FAIL: daily sam (sam-daily-2026-04-24)
[check 07:03:12] Remediating: sam daily
[check 07:03:13] FAIL: daily aether (aether-daily-2026-04-24)
[check 07:03:13] Remediating: aether daily
[check 07:03:13] FAIL: daily kai (kai-daily-2026-04-24)
[check 07:03:13] Remediating: kai daily
[check 07:03:13] FAIL: aether-analysis 2026-04-23 (aether-analysis-2026-04-23)
[check 07:03:13] Ticket opened: REPORT-CHECK-202604240703-aether — Aether analysis 2026-04-23
[check 07:03:13] Remediating: aether aether-analysis
[check 07:03:13] FAIL: aether-analysis — REMEDIATION FAILED — check Mini API keys
[check 07:03:14] === Completeness check done. Failures: 1 ===
[check 07:03:14] ACTION REQUIRED: 1 report(s) failed auto-remediation
[check 08:00:06] === Completeness check 2026-04-24 (dow=5) ===
[check 08:00:06] FAIL: morning-report 2026-04-24 (morning-report-2026-04-24)
[check 08:00:06] Ticket opened: REPORT-CHECK-202604240800-kai — Morning report 2026-04-24
[check 08:00:06] Remediating: kai morning-report
[check 08:00:06] OK: newsletter 2026-04-24
[check 08:00:06] FAIL: daily nel (nel-daily-2026-04-24)
[check 08:00:06] Remediating: nel daily
[check 08:00:06] FAIL: daily ra (ra-daily-2026-04-24)
[check 08:00:06] Remediating: ra daily
[check 08:00:06] FAIL: daily sam (sam-daily-2026-04-24)
[check 08:00:06] Remediating: sam daily
[check 08:00:06] FAIL: daily aether (aether-daily-2026-04-24)
[check 08:00:06] Remediating: aether daily
[check 08:00:06] FAIL: daily kai (kai-daily-2026-04-24)
[check 08:00:06] Remediating: kai daily
[check 08:00:06] FAIL: aether-analysis 2026-04-23 (aether-analysis-2026-04-23)
[check 08:00:06] Ticket opened: REPORT-CHECK-202604240800-aether — Aether analysis 2026-04-23
[check 08:00:06] Remediating: aether aether-analysis
[check 08:00:06] FAIL: aether-analysis — REMEDIATION FAILED — check Mini API keys
[check 08:00:07] === Completeness check done. Failures: 1 ===
[check 08:00:07] ACTION REQUIRED: 1 report(s) failed auto-remediation
[check 07:04:44] === Completeness check 2026-04-25 (dow=6) ===
[check 07:04:44] Saturday — checking weekly reports...
[check 07:04:44] OK: weekly nel
[check 07:04:44] OK: weekly ra
[check 07:04:44] OK: weekly sam
[check 07:04:44] OK: weekly aether
[check 07:04:44] OK: weekly kai
[check 07:04:44] === Saturday check done. Failures: 0 ===
[check 08:00:05] === Completeness check 2026-04-25 (dow=6) ===
[check 08:00:05] Saturday — checking weekly reports...
[check 08:00:05] OK: weekly nel
[check 08:00:05] OK: weekly ra
[check 08:00:05] OK: weekly sam
[check 08:00:05] OK: weekly aether
[check 08:00:05] OK: weekly kai
[check 08:00:05] === Saturday check done. Failures: 0 ===
[check 07:06:29] === Completeness check 2026-04-26 (dow=7) ===
[check 07:06:29] Sunday — no reports required.
[check 08:00:04] === Completeness check 2026-04-26 (dow=7) ===
[check 08:00:04] Sunday — no reports required.
[check 07:07:26] === Completeness check 2026-04-27 (dow=1) ===
[check 07:07:26] FAIL: morning-report 2026-04-27 (morning-report-2026-04-27)
[check 07:07:26] Ticket opened: REPORT-CHECK-202604270707-kai — Morning report 2026-04-27
[check 07:07:26] Remediating: kai morning-report
[check 07:07:27] OK: newsletter 2026-04-27
[check 07:07:27] FAIL: newsletter HTML missing at website/daily/2026-04-27.html — readLink will 404
[check 07:07:27] Ticket opened: REPORT-CHECK-202604270707-ra — Newsletter HTML missing for 2026-04-27
[check 07:07:27] OK: newsletter HTML recovered from ra/output
[check 07:07:27] FAIL: daily nel (nel-daily-2026-04-27)
[check 07:07:27] Remediating: nel daily
[check 07:07:27] FAIL: daily ra (ra-daily-2026-04-27)
[check 07:07:27] Remediating: ra daily
[check 07:07:27] FAIL: daily sam (sam-daily-2026-04-27)
[check 07:07:27] Remediating: sam daily
[check 07:07:27] FAIL: daily kai (kai-daily-2026-04-27)
[check 07:07:27] Remediating: kai daily
[check 07:07:28] === Completeness check done. Failures: 0 ===
[check 08:00:02] === Completeness check 2026-04-27 (dow=1) ===
[check 08:00:02] FAIL: morning-report 2026-04-27 (morning-report-2026-04-27)
[check 08:00:02] Ticket opened: REPORT-CHECK-202604270800-kai — Morning report 2026-04-27
[check 08:00:02] Remediating: kai morning-report
[check 08:00:02] OK: newsletter 2026-04-27
[check 08:00:02] FAIL: daily nel (nel-daily-2026-04-27)
[check 08:00:02] Remediating: nel daily
[check 08:00:03] FAIL: daily ra (ra-daily-2026-04-27)
[check 08:00:03] Remediating: ra daily
[check 08:00:03] FAIL: daily sam (sam-daily-2026-04-27)
[check 08:00:03] Remediating: sam daily
[check 08:00:03] FAIL: daily kai (kai-daily-2026-04-27)
[check 08:00:03] Remediating: kai daily
[check 08:00:04] === Completeness check done. Failures: 0 ===
[check 07:24:52] === Completeness check 2026-04-28 (dow=2) ===
[check 07:24:52] FAIL: morning-report 2026-04-28 (morning-report-2026-04-28)
[check 07:24:52] Ticket opened: REPORT-CHECK-202604280724-kai — Morning report 2026-04-28
[check 07:24:52] Remediating: kai morning-report
[check 07:25:25] FAIL: newsletter 2026-04-28 (newsletter-ra-2026-04-28)
[check 07:25:25] Ticket opened: REPORT-CHECK-202604280725-ra — Newsletter 2026-04-28
[check 07:25:25] Remediating: ra newsletter
[check 07:25:35] FAIL: newsletter — REMEDIATION FAILED
[check 07:25:35] FAIL: daily nel (nel-daily-2026-04-28)
[check 07:25:35] Remediating: nel daily
[check 07:25:36] FAIL: daily ra (ra-daily-2026-04-28)
[check 07:25:36] Remediating: ra daily
[check 07:25:36] FAIL: daily sam (sam-daily-2026-04-28)
[check 07:25:36] Remediating: sam daily
[check 07:25:36] FAIL: daily aether (aether-daily-2026-04-28)
[check 07:25:36] Remediating: aether daily
[check 07:25:36] FAIL: daily kai (kai-daily-2026-04-28)
[check 07:25:36] Remediating: kai daily
[check 07:25:36] OK: aether-analysis 2026-04-27
[check 07:25:36] FAIL: self-improve-health: 9 unresolved failures (auto_fixed=0)
[check 07:25:38] === Completeness check done. Failures: 2 ===
[check 07:25:38] AUTONOMOUS ACTION NEEDED: 2 item(s) require resolution — check daily-issues.jsonl
[check 08:00:02] === Completeness check 2026-04-28 (dow=2) ===
[check 08:00:02] FAIL: morning-report 2026-04-28 (morning-report-2026-04-28)
[check 08:00:02] Ticket opened: REPORT-CHECK-202604280800-kai — Morning report 2026-04-28
[check 08:00:02] Remediating: kai morning-report
[check 08:00:39] FAIL: newsletter 2026-04-28 (newsletter-ra-2026-04-28)
[check 08:00:39] Ticket opened: REPORT-CHECK-202604280800-ra — Newsletter 2026-04-28
[check 08:00:39] Remediating: ra newsletter
[check 08:00:47] FAIL: newsletter — REMEDIATION FAILED
[check 08:00:47] FAIL: daily nel (nel-daily-2026-04-28)
[check 08:00:47] Remediating: nel daily
[check 08:00:48] FAIL: daily ra (ra-daily-2026-04-28)
[check 08:00:48] Remediating: ra daily
[check 08:00:48] FAIL: daily sam (sam-daily-2026-04-28)
[check 08:00:48] Remediating: sam daily
[check 08:00:48] FAIL: daily aether (aether-daily-2026-04-28)
[check 08:00:48] Remediating: aether daily
[check 08:00:48] FAIL: daily kai (kai-daily-2026-04-28)
[check 08:00:48] Remediating: kai daily
[check 08:00:48] OK: aether-analysis 2026-04-27
[check 08:00:48] FAIL: self-improve-health: 9 unresolved failures (auto_fixed=0)
[check 08:00:52] === Completeness check done. Failures: 2 ===
[check 08:00:52] AUTONOMOUS ACTION NEEDED: 2 item(s) require resolution — check daily-issues.jsonl
[check 07:11:28] === Completeness check 2026-04-29 (dow=3) ===
[check 07:11:28] FAIL: morning-report 2026-04-29 (morning-report-2026-04-29)
[check 07:11:28] Ticket opened: REPORT-CHECK-202604290711-kai — Morning report 2026-04-29
[check 07:11:28] Remediating: kai morning-report
[check 07:12:02] FAIL: newsletter 2026-04-29 (newsletter-ra-2026-04-29)
[check 07:12:02] Ticket opened: REPORT-CHECK-202604290712-ra — Newsletter 2026-04-29
[check 07:12:02] Remediating: ra newsletter
[check 07:12:12] FAIL: newsletter — REMEDIATION FAILED
[check 07:12:12] FAIL: daily nel (nel-daily-2026-04-29)
[check 07:12:12] Remediating: nel daily
[check 07:12:12] FAIL: daily ra (ra-daily-2026-04-29)
[check 07:12:12] Remediating: ra daily
[check 07:12:12] FAIL: daily sam (sam-daily-2026-04-29)
[check 07:12:12] Remediating: sam daily
[check 07:12:12] FAIL: daily aether (aether-daily-2026-04-29)
[check 07:12:12] Remediating: aether daily
[check 07:12:12] FAIL: daily kai (kai-daily-2026-04-29)
[check 07:12:12] Remediating: kai daily
[check 07:12:12] FAIL: aether-analysis 2026-04-28 (aether-analysis-2026-04-28)
[check 07:12:12] Ticket opened: REPORT-CHECK-202604290712-aether — Aether analysis 2026-04-28
[check 07:12:12] Remediating: aether aether-analysis
[check 07:13:17] FAIL: aether-analysis — REMEDIATION FAILED — check Mini API keys
[check 07:13:17] FAIL: self-improve-health: 12 unresolved failures (auto_fixed=0)
[check 07:13:19] === Completeness check done. Failures: 3 ===
[check 07:13:19] AUTONOMOUS ACTION NEEDED: 3 item(s) require resolution — check daily-issues.jsonl
[check 08:00:05] === Completeness check 2026-04-29 (dow=3) ===
[check 08:00:05] FAIL: morning-report 2026-04-29 (morning-report-2026-04-29)
[check 08:00:05] Ticket opened: REPORT-CHECK-202604290800-kai — Morning report 2026-04-29
[check 08:00:05] Remediating: kai morning-report
[check 08:00:38] FAIL: newsletter 2026-04-29 (newsletter-ra-2026-04-29)
[check 08:00:38] Ticket opened: REPORT-CHECK-202604290800-ra — Newsletter 2026-04-29
[check 08:00:38] Remediating: ra newsletter
[check 08:00:50] FAIL: newsletter — REMEDIATION FAILED
[check 08:00:50] FAIL: daily nel (nel-daily-2026-04-29)
[check 08:00:50] Remediating: nel daily
[check 08:00:50] FAIL: daily ra (ra-daily-2026-04-29)
[check 08:00:50] Remediating: ra daily
[check 08:00:50] FAIL: daily sam (sam-daily-2026-04-29)
[check 08:00:50] Remediating: sam daily
[check 08:00:50] FAIL: daily aether (aether-daily-2026-04-29)
[check 08:00:50] Remediating: aether daily
[check 08:00:50] FAIL: daily kai (kai-daily-2026-04-29)
[check 08:00:50] Remediating: kai daily
[check 08:00:50] FAIL: aether-analysis 2026-04-28 (aether-analysis-2026-04-28)
[check 08:00:50] Ticket opened: REPORT-CHECK-202604290800-aether — Aether analysis 2026-04-28
[check 08:00:50] Remediating: aether aether-analysis
[check 08:00:50] FAIL: aether-analysis — REMEDIATION FAILED — check Mini API keys
[check 08:00:50] FAIL: self-improve-health: 12 unresolved failures (auto_fixed=0)
[check 08:00:53] === Completeness check done. Failures: 3 ===
[check 08:00:53] AUTONOMOUS ACTION NEEDED: 3 item(s) require resolution — check daily-issues.jsonl
[check 07:00:03] === Completeness check 2026-05-05 (dow=2) ===
[check 07:00:03] FAIL: morning-report 2026-05-05 (morning-report-2026-05-05)
[check 07:00:03] Ticket opened: REPORT-CHECK-202605050700-kai — Morning report 2026-05-05
[check 07:00:03] Remediating: kai morning-report
[check 07:07:31] === Completeness check 2026-05-05 (dow=2) ===
[check 07:07:31] FAIL: morning-report 2026-05-05 (morning-report-2026-05-05)
[check 07:07:31] Ticket opened: REPORT-CHECK-202605050707-kai — Morning report 2026-05-05
[check 07:07:31] Remediating: kai morning-report
[check 07:00:03] === Completeness check 2026-05-06 (dow=3) ===
[check 07:00:03] FAIL: morning-report 2026-05-06 (morning-report-2026-05-06)
[check 07:00:03] Ticket opened: REPORT-CHECK-202605060700-kai — Morning report 2026-05-06
[check 07:00:03] Remediating: kai morning-report
[check 07:00:37] FAIL: newsletter 2026-05-06 (newsletter-ra-2026-05-06)
[check 07:00:37] Ticket opened: REPORT-CHECK-202605060700-ra — Newsletter 2026-05-06
[check 07:00:37] Remediating: ra newsletter
[check 07:04:41] FAIL: newsletter — REMEDIATION FAILED
[check 07:04:41] FAIL: daily nel (nel-daily-2026-05-06)
[check 07:04:41] Remediating: nel daily
[check 07:04:41] FAIL: daily ra (ra-daily-2026-05-06)
[check 07:04:41] Remediating: ra daily
[check 07:04:41] OK: daily sam
[check 07:04:41] OK: daily aether
[check 07:04:41] FAIL: daily kai (kai-daily-2026-05-06)
[check 07:04:41] Remediating: kai daily
[check 07:04:41] FAIL: aether-analysis 2026-05-05 (aether-analysis-2026-05-05)
[check 07:04:41] Ticket opened: REPORT-CHECK-202605060704-aether — Aether analysis 2026-05-05
[check 07:04:41] Remediating: aether aether-analysis
[check 07:04:41] FAIL: aether-analysis — REMEDIATION FAILED — check Mini API keys
[check 07:04:41] FAIL: self-improve-health: summary file missing (check did not run today)
[check 07:04:41] Re-triggering health check...
[check 07:04:43] OK: self-improve-health — triggered and completed
[check 07:04:46] === Completeness check done. Failures: 2 ===
[check 07:04:46] AUTONOMOUS ACTION NEEDED: 2 item(s) require resolution — check daily-issues.jsonl
[check 07:00:01] === Completeness check 2026-05-07 (dow=4) ===
[check 07:00:01] FAIL: morning-report 2026-05-07 (morning-report-2026-05-07)
[check 07:00:01] Ticket opened: REPORT-CHECK-202605070700-kai — Morning report 2026-05-07
[check 07:00:01] Remediating: kai morning-report
[check 07:00:35] FAIL: newsletter 2026-05-07 (newsletter-ra-2026-05-07)
[check 07:00:35] Ticket opened: REPORT-CHECK-202605070700-ra — Newsletter 2026-05-07
[check 07:00:35] Remediating: ra newsletter
[check 07:00:44] FAIL: newsletter — REMEDIATION FAILED
[check 07:00:44] FAIL: daily nel (nel-daily-2026-05-07)
[check 07:00:44] Remediating: nel daily
[check 07:00:44] FAIL: daily ra (ra-daily-2026-05-07)
[check 07:00:44] Remediating: ra daily
[check 07:00:44] FAIL: daily sam (sam-daily-2026-05-07)
[check 07:00:44] Remediating: sam daily
[check 07:00:44] OK: daily aether
[check 07:00:44] FAIL: daily kai (kai-daily-2026-05-07)
[check 07:00:44] Remediating: kai daily
[check 07:00:44] FAIL: aether-analysis 2026-05-06 (aether-analysis-2026-05-06)
[check 07:00:45] Ticket opened: REPORT-CHECK-202605070700-aether — Aether analysis 2026-05-06
[check 07:00:45] Remediating: aether aether-analysis
[check 07:00:45] FAIL: aether-analysis — REMEDIATION FAILED — check Mini API keys
[check 07:00:45] FAIL: self-improve-health: summary file missing (check did not run today)
[check 07:00:45] Re-triggering health check...
[check 07:00:47] OK: self-improve-health — triggered and completed
[check 07:00:49] === Completeness check done. Failures: 2 ===
[check 07:00:49] AUTONOMOUS ACTION NEEDED: 2 item(s) require resolution — check daily-issues.jsonl
[check 07:00:00] === Completeness check 2026-05-08 (dow=5) ===
[check 07:00:00] FAIL: morning-report 2026-05-08 (morning-report-2026-05-08)
[check 07:00:00] Ticket opened: REPORT-CHECK-202605080700-kai — Morning report 2026-05-08
[check 07:00:00] Remediating: kai morning-report
[check 07:00:34] FAIL: newsletter 2026-05-08 (newsletter-ra-2026-05-08)
[check 07:00:34] Ticket opened: REPORT-CHECK-202605080700-ra — Newsletter 2026-05-08
[check 07:00:34] Remediating: ra newsletter
[check 07:00:45] FAIL: newsletter — REMEDIATION FAILED
[check 07:00:45] FAIL: daily nel (nel-daily-2026-05-08)
[check 07:00:45] Remediating: nel daily
[check 07:00:45] FAIL: daily ra (ra-daily-2026-05-08)
[check 07:00:45] Remediating: ra daily
[check 07:00:45] FAIL: daily sam (sam-daily-2026-05-08)
[check 07:00:45] Remediating: sam daily
[check 07:00:45] OK: daily aether
[check 07:00:45] FAIL: daily kai (kai-daily-2026-05-08)
[check 07:00:45] Remediating: kai daily
[check 07:00:45] FAIL: aether-analysis 2026-05-07 (aether-analysis-2026-05-07)
[check 07:00:45] Ticket opened: REPORT-CHECK-202605080700-aether — Aether analysis 2026-05-07
[check 07:00:45] Remediating: aether aether-analysis
[check 07:00:45] FAIL: aether-analysis — REMEDIATION FAILED — check Mini API keys
[check 07:00:45] FAIL: self-improve-health: summary file missing (check did not run today)
[check 07:00:45] Re-triggering health check...
[check 07:00:47] OK: self-improve-health — triggered and completed
[check 07:00:50] === Completeness check done. Failures: 2 ===
[check 07:00:50] AUTONOMOUS ACTION NEEDED: 2 item(s) require resolution — check daily-issues.jsonl
[check 07:00:01] === Completeness check 2026-05-09 (dow=6) ===
[check 07:00:01] Saturday — checking weekly reports...
[check 07:00:02] FAIL: weekly nel (nel-weekly-2026-W19)
[check 07:00:02] Remediating: nel weekly
[check 07:00:05] OK: weekly nel — FIXED
[check 07:00:05] OK: weekly ra
[check 07:00:05] OK: weekly sam
[check 07:00:05] OK: weekly aether
[check 07:00:05] OK: weekly kai
[check 07:00:05] === Saturday check done. Failures: 0 ===
[check 07:00:04] === Completeness check 2026-05-10 (dow=7) ===
[check 07:00:04] Sunday — no reports required.
[check 07:00:01] === Completeness check 2026-05-11 (dow=1) ===
[check 07:00:01] FAIL: morning-report 2026-05-11 (morning-report-2026-05-11)
[check 07:00:01] Ticket opened: REPORT-CHECK-202605110700-kai — Morning report 2026-05-11
[check 07:00:01] Remediating: kai morning-report
[check 07:00:35] FAIL: newsletter 2026-05-11 (newsletter-ra-2026-05-11)
[check 07:00:35] Ticket opened: REPORT-CHECK-202605110700-ra — Newsletter 2026-05-11
[check 07:00:35] Remediating: ra newsletter
[check 07:00:44] FAIL: newsletter — REMEDIATION FAILED
[check 07:00:44] FAIL: daily nel (nel-daily-2026-05-11)
[check 07:00:44] Remediating: nel daily
[check 07:00:45] FAIL: daily ra (ra-daily-2026-05-11)
[check 07:00:45] Remediating: ra daily
[check 07:00:45] FAIL: daily sam (sam-daily-2026-05-11)
[check 07:00:45] Remediating: sam daily
[check 07:00:45] FAIL: daily kai (kai-daily-2026-05-11)
[check 07:00:45] Remediating: kai daily
[check 07:00:45] FAIL: self-improve-health: summary file missing (check did not run today)
[check 07:00:45] Re-triggering health check...
[check 07:00:47] OK: self-improve-health — triggered and completed
[check 07:00:49] === Completeness check done. Failures: 1 ===
[check 07:00:49] AUTONOMOUS ACTION NEEDED: 1 item(s) require resolution — check daily-issues.jsonl
[check 07:00:04] === Completeness check 2026-05-12 (dow=2) ===
[check 07:00:04] FAIL: morning-report 2026-05-12 (morning-report-2026-05-12)
[check 07:00:04] Ticket opened: REPORT-CHECK-202605120700-kai — Morning report 2026-05-12
[check 07:00:04] Remediating: kai morning-report
[check 07:00:38] FAIL: newsletter 2026-05-12 (newsletter-ra-2026-05-12)
[check 07:00:38] Ticket opened: REPORT-CHECK-202605120700-ra — Newsletter 2026-05-12
[check 07:00:38] Remediating: ra newsletter
[check 07:00:48] FAIL: newsletter — REMEDIATION FAILED
[check 07:00:49] FAIL: daily nel (nel-daily-2026-05-12)
[check 07:00:49] Remediating: nel daily
[check 07:00:49] FAIL: daily ra (ra-daily-2026-05-12)
[check 07:00:49] Remediating: ra daily
[check 07:00:49] FAIL: daily sam (sam-daily-2026-05-12)
[check 07:00:49] Remediating: sam daily
[check 07:00:49] OK: daily aether
[check 07:00:49] FAIL: daily kai (kai-daily-2026-05-12)
[check 07:00:49] Remediating: kai daily
[check 07:00:49] FAIL: aether-analysis 2026-05-11 (aether-analysis-2026-05-11)
[check 07:00:49] Ticket opened: REPORT-CHECK-202605120700-aether — Aether analysis 2026-05-11
[check 07:00:49] Remediating: aether aether-analysis
[check 07:00:49] FAIL: aether-analysis — REMEDIATION FAILED — check Mini API keys
[check 07:00:49] FAIL: self-improve-health: summary file missing (check did not run today)
[check 07:00:49] Re-triggering health check...
[check 07:00:52] OK: self-improve-health — triggered and completed
[check 07:00:54] === Completeness check done. Failures: 2 ===
[check 07:00:54] AUTONOMOUS ACTION NEEDED: 2 item(s) require resolution — check daily-issues.jsonl
[check 07:00:04] === Completeness check 2026-05-13 (dow=3) ===
[check 07:00:04] FAIL: morning-report 2026-05-13 (morning-report-2026-05-13)
[check 07:00:04] Ticket opened: REPORT-CHECK-202605130700-kai — Morning report 2026-05-13
[check 07:00:04] Remediating: kai morning-report
[check 07:00:38] FAIL: newsletter 2026-05-13 (newsletter-ra-2026-05-13)
[check 07:00:38] Ticket opened: REPORT-CHECK-202605130700-ra — Newsletter 2026-05-13
[check 07:00:38] Remediating: ra newsletter
[check 07:00:48] FAIL: newsletter — REMEDIATION FAILED
[check 07:00:48] FAIL: daily nel (nel-daily-2026-05-13)
[check 07:00:48] Remediating: nel daily
[check 07:00:48] FAIL: daily ra (ra-daily-2026-05-13)
[check 07:00:48] Remediating: ra daily
[check 07:00:48] FAIL: daily sam (sam-daily-2026-05-13)
[check 07:00:48] Remediating: sam daily
[check 07:00:48] OK: daily aether
[check 07:00:48] FAIL: daily kai (kai-daily-2026-05-13)
[check 07:00:48] Remediating: kai daily
[check 07:00:48] FAIL: aether-analysis 2026-05-12 (aether-analysis-2026-05-12)
[check 07:00:48] Ticket opened: REPORT-CHECK-202605130700-aether — Aether analysis 2026-05-12
[check 07:00:48] Remediating: aether aether-analysis
[check 07:00:48] FAIL: aether-analysis — REMEDIATION FAILED — check Mini API keys
[check 07:00:48] FAIL: self-improve-health: summary file missing (check did not run today)
[check 07:00:48] Re-triggering health check...
[check 07:00:50] OK: self-improve-health — triggered and completed
[check 07:00:53] === Completeness check done. Failures: 2 ===
[check 07:00:53] AUTONOMOUS ACTION NEEDED: 2 item(s) require resolution — check daily-issues.jsonl
[check 07:00:00] === Completeness check 2026-05-14 (dow=4) ===
[check 07:00:00] FAIL: morning-report 2026-05-14 (morning-report-2026-05-14)
[check 07:00:00] Ticket opened: REPORT-CHECK-202605140700-kai — Morning report 2026-05-14
[check 07:00:00] Remediating: kai morning-report
[check 07:00:34] FAIL: newsletter 2026-05-14 (newsletter-ra-2026-05-14)
[check 07:00:34] Ticket opened: REPORT-CHECK-202605140700-ra — Newsletter 2026-05-14
[check 07:00:34] Remediating: ra newsletter
[check 07:00:43] FAIL: newsletter — REMEDIATION FAILED
[check 07:00:43] FAIL: daily nel (nel-daily-2026-05-14)
[check 07:00:43] Remediating: nel daily
[check 07:00:44] FAIL: daily ra (ra-daily-2026-05-14)
[check 07:00:44] Remediating: ra daily
[check 07:00:44] FAIL: daily sam (sam-daily-2026-05-14)
[check 07:00:44] Remediating: sam daily
[check 07:00:44] FAIL: daily aether (aether-daily-2026-05-14)
[check 07:00:44] Remediating: aether daily
[check 07:00:44] FAIL: daily kai (kai-daily-2026-05-14)
[check 07:00:44] Remediating: kai daily
[check 07:00:44] FAIL: aether-analysis 2026-05-13 (aether-analysis-2026-05-13)
[check 07:00:44] Ticket opened: REPORT-CHECK-202605140700-aether — Aether analysis 2026-05-13
[check 07:00:44] Remediating: aether aether-analysis
[check 07:00:44] FAIL: aether-analysis — REMEDIATION FAILED — check Mini API keys
[check 07:00:44] FAIL: self-improve-health: summary file missing (check did not run today)
[check 07:00:44] Re-triggering health check...
[check 07:00:46] OK: self-improve-health — triggered and completed
[check 07:00:49] === Completeness check done. Failures: 2 ===
[check 07:00:49] AUTONOMOUS ACTION NEEDED: 2 item(s) require resolution — check daily-issues.jsonl
[check 07:00:01] === Completeness check 2026-05-15 (dow=5) ===
[check 07:00:01] FAIL: morning-report 2026-05-15 (morning-report-2026-05-15)
[check 07:00:01] Ticket opened: REPORT-CHECK-202605150700-kai — Morning report 2026-05-15
[check 07:00:01] Remediating: kai morning-report
[check 07:00:35] FAIL: newsletter 2026-05-15 (newsletter-ra-2026-05-15)
[check 07:00:35] Ticket opened: REPORT-CHECK-202605150700-ra — Newsletter 2026-05-15
[check 07:00:35] Remediating: ra newsletter
[check 07:00:45] FAIL: newsletter — REMEDIATION FAILED
[check 07:00:45] FAIL: daily nel (nel-daily-2026-05-15)
[check 07:00:45] Remediating: nel daily
[check 07:00:45] FAIL: daily ra (ra-daily-2026-05-15)
[check 07:00:45] Remediating: ra daily
[check 07:00:45] FAIL: daily sam (sam-daily-2026-05-15)
[check 07:00:45] Remediating: sam daily
[check 07:00:45] FAIL: daily aether (aether-daily-2026-05-15)
[check 07:00:45] Remediating: aether daily
[check 07:00:46] FAIL: daily kai (kai-daily-2026-05-15)
[check 07:00:46] Remediating: kai daily
[check 07:00:46] FAIL: aether-analysis 2026-05-14 (aether-analysis-2026-05-14)
[check 07:00:46] Ticket opened: REPORT-CHECK-202605150700-aether — Aether analysis 2026-05-14
[check 07:00:46] Remediating: aether aether-analysis
[check 07:00:46] FAIL: aether-analysis — REMEDIATION FAILED — check Mini API keys
[check 07:00:46] FAIL: self-improve-health: summary file missing (check did not run today)
[check 07:00:46] Re-triggering health check...
[check 07:00:48] OK: self-improve-health — triggered and completed
[check 07:00:50] === Completeness check done. Failures: 2 ===
[check 07:00:50] AUTONOMOUS ACTION NEEDED: 2 item(s) require resolution — check daily-issues.jsonl
[check 07:00:03] === Completeness check 2026-05-16 (dow=6) ===
[check 07:00:03] Saturday — checking weekly reports...
[check 07:00:03] FAIL: weekly nel (nel-weekly-2026-W20)
[check 07:00:03] Remediating: nel weekly
[check 07:00:06] OK: weekly nel — FIXED
[check 07:00:06] OK: weekly ra
[check 07:00:06] OK: weekly sam
[check 07:00:06] OK: weekly aether
[check 07:00:06] OK: weekly kai
[check 07:00:06] === Saturday check done. Failures: 0 ===
[check 07:00:01] === Completeness check 2026-05-17 (dow=7) ===
[check 07:00:01] Sunday — no reports required.
[check 07:00:00] === Completeness check 2026-05-18 (dow=1) ===
[check 07:00:01] FAIL: morning-report 2026-05-18 (morning-report-2026-05-18)
[check 07:00:01] Ticket opened: REPORT-CHECK-202605180700-kai — Morning report 2026-05-18
[check 07:00:01] Remediating: kai morning-report
[check 07:00:35] FAIL: newsletter 2026-05-18 (newsletter-ra-2026-05-18)
[check 07:00:35] Ticket opened: REPORT-CHECK-202605180700-ra — Newsletter 2026-05-18
[check 07:00:35] Remediating: ra newsletter
[check 07:00:45] FAIL: newsletter — REMEDIATION FAILED
[check 07:00:45] FAIL: daily nel (nel-daily-2026-05-18)
[check 07:00:45] Remediating: nel daily
[check 07:00:45] FAIL: daily ra (ra-daily-2026-05-18)
[check 07:00:45] Remediating: ra daily
[check 07:00:45] FAIL: daily sam (sam-daily-2026-05-18)
[check 07:00:45] Remediating: sam daily
[check 07:00:45] FAIL: daily kai (kai-daily-2026-05-18)
[check 07:00:45] Remediating: kai daily
[check 07:00:45] FAIL: self-improve-health: summary file missing (check did not run today)
[check 07:00:45] Re-triggering health check...
[check 07:00:47] OK: self-improve-health — triggered and completed
[check 07:00:50] === Completeness check done. Failures: 1 ===
[check 07:00:50] AUTONOMOUS ACTION NEEDED: 1 item(s) require resolution — check daily-issues.jsonl
[check 07:00:02] === Completeness check 2026-05-19 (dow=2) ===
[check 07:00:02] FAIL: morning-report 2026-05-19 (morning-report-2026-05-19)
[check 07:00:02] Ticket opened: REPORT-CHECK-202605190700-kai — Morning report 2026-05-19
[check 07:00:02] Remediating: kai morning-report
[check 07:00:37] FAIL: newsletter 2026-05-19 (newsletter-ra-2026-05-19)
[check 07:00:37] Ticket opened: REPORT-CHECK-202605190700-ra — Newsletter 2026-05-19
[check 07:00:37] Remediating: ra newsletter
[check 07:00:38] FAIL: newsletter — REMEDIATION FAILED
[check 07:00:38] FAIL: daily nel (nel-daily-2026-05-19)
[check 07:00:38] Remediating: nel daily
[check 07:00:38] FAIL: daily ra (ra-daily-2026-05-19)
[check 07:00:38] Remediating: ra daily
[check 07:00:38] FAIL: daily sam (sam-daily-2026-05-19)
[check 07:00:38] Remediating: sam daily
[check 07:00:38] FAIL: daily aether (aether-daily-2026-05-19)
[check 07:00:38] Remediating: aether daily
[check 07:00:39] FAIL: daily kai (kai-daily-2026-05-19)
[check 07:00:39] Remediating: kai daily
[check 07:00:39] FAIL: aether-analysis 2026-05-18 (aether-analysis-2026-05-18)
[check 07:00:39] Ticket opened: REPORT-CHECK-202605190700-aether — Aether analysis 2026-05-18
[check 07:00:39] Remediating: aether aether-analysis
[check 07:00:39] FAIL: aether-analysis — REMEDIATION FAILED — check Mini API keys
[check 07:00:39] FAIL: self-improve-health: summary file missing (check did not run today)
[check 07:00:39] Re-triggering health check...
[check 07:00:41] OK: self-improve-health — triggered and completed
[check 07:00:44] === Completeness check done. Failures: 2 ===
[check 07:00:44] AUTONOMOUS ACTION NEEDED: 2 item(s) require resolution — check daily-issues.jsonl
[check 07:00:02] === Completeness check 2026-05-20 (dow=3) ===
[check 07:00:02] FAIL: morning-report 2026-05-20 (morning-report-2026-05-20)
[check 07:00:02] Ticket opened: REPORT-CHECK-202605200700-kai — Morning report 2026-05-20
[check 07:00:02] Remediating: kai morning-report
[check 07:00:37] FAIL: newsletter 2026-05-20 (newsletter-ra-2026-05-20)
[check 07:00:37] Ticket opened: REPORT-CHECK-202605200700-ra — Newsletter 2026-05-20
[check 07:00:37] Remediating: ra newsletter
[check 07:00:49] FAIL: newsletter — REMEDIATION FAILED
[check 07:00:49] FAIL: daily nel (nel-daily-2026-05-20)
[check 07:00:49] Remediating: nel daily
[check 07:00:49] FAIL: daily ra (ra-daily-2026-05-20)
[check 07:00:49] Remediating: ra daily
[check 07:00:49] FAIL: daily sam (sam-daily-2026-05-20)
[check 07:00:49] Remediating: sam daily
[check 07:00:50] FAIL: daily aether (aether-daily-2026-05-20)
[check 07:00:50] Remediating: aether daily
[check 07:00:50] FAIL: daily kai (kai-daily-2026-05-20)
[check 07:00:50] Remediating: kai daily
[check 07:00:50] FAIL: aether-analysis 2026-05-19 (aether-analysis-2026-05-19)
[check 07:00:50] Ticket opened: REPORT-CHECK-202605200700-aether — Aether analysis 2026-05-19
[check 07:00:50] Remediating: aether aether-analysis
[check 07:00:50] FAIL: aether-analysis — REMEDIATION FAILED — check Mini API keys
[check 07:00:50] FAIL: self-improve-health: summary file missing (check did not run today)
[check 07:00:50] Re-triggering health check...
[check 07:00:52] OK: self-improve-health — triggered and completed
[check 07:00:55] === Completeness check done. Failures: 2 ===
[check 07:00:55] AUTONOMOUS ACTION NEEDED: 2 item(s) require resolution — check daily-issues.jsonl
[check 07:00:04] === Completeness check 2026-05-21 (dow=4) ===
[check 07:00:04] FAIL: morning-report 2026-05-21 (morning-report-2026-05-21)
[check 07:00:04] Ticket opened: REPORT-CHECK-202605210700-kai — Morning report 2026-05-21
[check 07:00:04] Remediating: kai morning-report
[check 07:00:39] FAIL: newsletter 2026-05-21 (newsletter-ra-2026-05-21)
[check 07:00:39] Ticket opened: REPORT-CHECK-202605210700-ra — Newsletter 2026-05-21
[check 07:00:39] Remediating: ra newsletter
[check 07:00:49] FAIL: newsletter — REMEDIATION FAILED
[check 07:00:49] FAIL: daily nel (nel-daily-2026-05-21)
[check 07:00:49] Remediating: nel daily
[check 07:00:49] FAIL: daily ra (ra-daily-2026-05-21)
[check 07:00:49] Remediating: ra daily
[check 07:00:49] FAIL: daily sam (sam-daily-2026-05-21)
[check 07:00:49] Remediating: sam daily
[check 07:00:50] FAIL: daily aether (aether-daily-2026-05-21)
[check 07:00:50] Remediating: aether daily
[check 07:00:50] FAIL: daily kai (kai-daily-2026-05-21)
[check 07:00:50] Remediating: kai daily
[check 07:00:50] FAIL: aether-analysis 2026-05-20 (aether-analysis-2026-05-20)
[check 07:00:50] Ticket opened: REPORT-CHECK-202605210700-aether — Aether analysis 2026-05-20
[check 07:00:50] Remediating: aether aether-analysis
[check 07:00:50] FAIL: aether-analysis — REMEDIATION FAILED — check Mini API keys
[check 07:00:50] FAIL: self-improve-health: summary file missing (check did not run today)
[check 07:00:50] Re-triggering health check...
[check 07:00:52] OK: self-improve-health — triggered and completed
[check 07:00:55] === Completeness check done. Failures: 2 ===
[check 07:00:55] AUTONOMOUS ACTION NEEDED: 2 item(s) require resolution — check daily-issues.jsonl
[check 07:00:04] === Completeness check 2026-05-22 (dow=5) ===
[check 07:00:05] FAIL: morning-report 2026-05-22 (morning-report-2026-05-22)
[check 07:00:05] Ticket opened: REPORT-CHECK-202605220700-kai — Morning report 2026-05-22
[check 07:00:05] Remediating: kai morning-report
[check 07:00:38] FAIL: newsletter 2026-05-22 (newsletter-ra-2026-05-22)
[check 07:00:38] Ticket opened: REPORT-CHECK-202605220700-ra — Newsletter 2026-05-22
[check 07:00:38] Remediating: ra newsletter
[check 07:00:48] FAIL: newsletter — REMEDIATION FAILED
[check 07:00:48] FAIL: daily nel (nel-daily-2026-05-22)
[check 07:00:48] Remediating: nel daily
[check 07:00:48] FAIL: daily ra (ra-daily-2026-05-22)
[check 07:00:48] Remediating: ra daily
[check 07:00:48] FAIL: daily sam (sam-daily-2026-05-22)
[check 07:00:48] Remediating: sam daily
[check 07:00:48] FAIL: daily aether (aether-daily-2026-05-22)
[check 07:00:48] Remediating: aether daily
[check 07:00:49] FAIL: daily kai (kai-daily-2026-05-22)
[check 07:00:49] Remediating: kai daily
[check 07:00:49] FAIL: aether-analysis 2026-05-21 (aether-analysis-2026-05-21)
[check 07:00:49] Ticket opened: REPORT-CHECK-202605220700-aether — Aether analysis 2026-05-21
[check 07:00:49] Remediating: aether aether-analysis
[check 07:00:49] FAIL: aether-analysis — REMEDIATION FAILED — check Mini API keys
[check 07:00:49] FAIL: self-improve-health: summary file missing (check did not run today)
[check 07:00:49] Re-triggering health check...
[check 07:00:51] OK: self-improve-health — triggered and completed
[check 07:00:53] === Completeness check done. Failures: 2 ===
[check 07:00:53] AUTONOMOUS ACTION NEEDED: 2 item(s) require resolution — check daily-issues.jsonl
[check 07:00:04] === Completeness check 2026-05-23 (dow=6) ===
[check 07:00:04] Saturday — checking weekly reports...
[check 07:00:04] FAIL: weekly nel (nel-weekly-2026-W21)
[check 07:00:04] Remediating: nel weekly
[check 07:00:07] OK: weekly nel — FIXED
[check 07:00:07] OK: weekly ra
[check 07:00:07] OK: weekly sam
[check 07:00:07] OK: weekly aether
[check 07:00:07] OK: weekly kai
[check 07:00:07] === Saturday check done. Failures: 0 ===
[check 07:00:04] === Completeness check 2026-05-24 (dow=7) ===
[check 07:00:04] Sunday — no reports required.
[check 07:00:00] === Completeness check 2026-05-25 (dow=1) ===
[check 07:00:00] FAIL: morning-report 2026-05-25 (morning-report-2026-05-25)
[check 07:00:00] Ticket opened: REPORT-CHECK-202605250700-kai — Morning report 2026-05-25
[check 07:00:00] Remediating: kai morning-report
[check 07:00:35] FAIL: newsletter 2026-05-25 (newsletter-ra-2026-05-25)
[check 07:00:35] Ticket opened: REPORT-CHECK-202605250700-ra — Newsletter 2026-05-25
[check 07:00:35] Remediating: ra newsletter
[check 07:00:45] FAIL: newsletter — REMEDIATION FAILED
[check 07:00:45] FAIL: daily nel (nel-daily-2026-05-25)
[check 07:00:45] Remediating: nel daily
[check 07:00:45] FAIL: daily ra (ra-daily-2026-05-25)
[check 07:00:45] Remediating: ra daily
[check 07:00:45] FAIL: daily sam (sam-daily-2026-05-25)
[check 07:00:45] Remediating: sam daily
[check 07:00:46] FAIL: daily kai (kai-daily-2026-05-25)
[check 07:00:46] Remediating: kai daily
[check 07:00:46] FAIL: self-improve-health: summary file missing (check did not run today)
[check 07:00:46] Re-triggering health check...
[check 07:00:48] OK: self-improve-health — triggered and completed
[check 07:00:50] === Completeness check done. Failures: 1 ===
[check 07:00:50] AUTONOMOUS ACTION NEEDED: 1 item(s) require resolution — check daily-issues.jsonl
[check 07:00:03] === Completeness check 2026-05-26 (dow=2) ===
[check 07:00:03] FAIL: morning-report 2026-05-26 (morning-report-2026-05-26)
[check 07:00:03] Ticket opened: REPORT-CHECK-202605260700-kai — Morning report 2026-05-26
[check 07:00:03] Remediating: kai morning-report
[check 07:00:38] FAIL: newsletter 2026-05-26 (newsletter-ra-2026-05-26)
[check 07:00:38] Ticket opened: REPORT-CHECK-202605260700-ra — Newsletter 2026-05-26
[check 07:00:38] Remediating: ra newsletter
[check 07:00:47] FAIL: newsletter — REMEDIATION FAILED
[check 07:00:47] FAIL: daily nel (nel-daily-2026-05-26)
[check 07:00:47] Remediating: nel daily
[check 07:00:47] FAIL: daily ra (ra-daily-2026-05-26)
[check 07:00:47] Remediating: ra daily
[check 07:00:48] FAIL: daily sam (sam-daily-2026-05-26)
[check 07:00:48] Remediating: sam daily
[check 07:00:48] FAIL: daily aether (aether-daily-2026-05-26)
[check 07:00:48] Remediating: aether daily
[check 07:00:48] FAIL: daily kai (kai-daily-2026-05-26)
[check 07:00:48] Remediating: kai daily
[check 07:00:48] FAIL: aether-analysis 2026-05-25 (aether-analysis-2026-05-25)
[check 07:00:48] Ticket opened: REPORT-CHECK-202605260700-aether — Aether analysis 2026-05-25
[check 07:00:48] Remediating: aether aether-analysis
[check 07:00:48] FAIL: aether-analysis — REMEDIATION FAILED — check Mini API keys
[check 07:00:48] FAIL: self-improve-health: summary file missing (check did not run today)
[check 07:00:48] Re-triggering health check...
[check 07:00:50] OK: self-improve-health — triggered and completed
[check 07:00:53] === Completeness check done. Failures: 2 ===
[check 07:00:53] AUTONOMOUS ACTION NEEDED: 2 item(s) require resolution — check daily-issues.jsonl
[check 07:00:04] === Completeness check 2026-05-27 (dow=3) ===
[check 07:00:04] FAIL: morning-report 2026-05-27 (morning-report-2026-05-27)
[check 07:00:04] Ticket opened: REPORT-CHECK-202605270700-kai — Morning report 2026-05-27
[check 07:00:04] Remediating: kai morning-report
[check 07:00:39] FAIL: newsletter 2026-05-27 (newsletter-ra-2026-05-27)
[check 07:00:39] Ticket opened: REPORT-CHECK-202605270700-ra — Newsletter 2026-05-27
[check 07:00:39] Remediating: ra newsletter
[check 07:00:49] FAIL: newsletter — REMEDIATION FAILED
[check 07:00:49] FAIL: daily nel (nel-daily-2026-05-27)
[check 07:00:49] Remediating: nel daily
[check 07:00:49] FAIL: daily ra (ra-daily-2026-05-27)
[check 07:00:49] Remediating: ra daily
[check 07:00:49] FAIL: daily sam (sam-daily-2026-05-27)
[check 07:00:49] Remediating: sam daily
[check 07:00:49] FAIL: daily aether (aether-daily-2026-05-27)
[check 07:00:49] Remediating: aether daily
[check 07:00:50] FAIL: daily kai (kai-daily-2026-05-27)
[check 07:00:50] Remediating: kai daily
[check 07:00:50] FAIL: aether-analysis 2026-05-26 (aether-analysis-2026-05-26)
[check 07:00:50] Ticket opened: REPORT-CHECK-202605270700-aether — Aether analysis 2026-05-26
[check 07:00:50] Remediating: aether aether-analysis
[check 07:00:50] FAIL: aether-analysis — REMEDIATION FAILED — check Mini API keys
[check 07:00:50] FAIL: self-improve-health: summary file missing (check did not run today)
[check 07:00:50] Re-triggering health check...
[check 07:00:52] OK: self-improve-health — triggered and completed
[check 07:00:54] === Completeness check done. Failures: 2 ===
[check 07:00:54] AUTONOMOUS ACTION NEEDED: 2 item(s) require resolution — check daily-issues.jsonl
[check 07:00:03] === Completeness check 2026-05-28 (dow=4) ===
[check 07:00:03] FAIL: morning-report 2026-05-28 (morning-report-2026-05-28)
[check 07:00:03] Ticket opened: REPORT-CHECK-202605280700-kai — Morning report 2026-05-28
[check 07:00:03] Remediating: kai morning-report
[check 07:00:37] FAIL: newsletter 2026-05-28 (newsletter-ra-2026-05-28)
[check 07:00:37] Ticket opened: REPORT-CHECK-202605280700-ra — Newsletter 2026-05-28
[check 07:00:37] Remediating: ra newsletter
