[dispatch-sync 2026-04-18T16:07:35-0600] === Dispatch sync starting ===
[dispatch-sync 2026-04-18T16:07:35-0600] Session detected: KAI_BRIEF.md updated 0h ago — chat was present
[dispatch-sync 2026-04-18T16:07:35-0600] Fetching Hyo messages from https://hyo.world...
[dispatch-sync 2026-04-18T16:07:35-0600] WARNING: HQ returned HTTP 307 — skipping fetch this cycle
[dispatch-sync 2026-04-18T16:07:35-0600] No data from HQ (fetch skipped or failed)
[dispatch-sync 2026-04-18T16:07:35-0600] hyo-inbox.jsonl: 0 total, 0
0 unread
[dispatch-sync 2026-04-18T16:07:35-0600] Context: session was active in last 24h — Kai likely has live context
[dispatch-sync 2026-04-18T16:07:35-0600] === Dispatch sync complete: 0 new messages ===
[dispatch-sync 2026-04-19T16:07:33-0600] === Dispatch sync starting ===
[dispatch-sync 2026-04-19T16:07:33-0600] Session detected: KAI_BRIEF.md updated 0h ago — chat was present
[dispatch-sync 2026-04-19T16:07:33-0600] Fetching Hyo messages from https://hyo.world...
[dispatch-sync 2026-04-19T16:07:33-0600] WARNING: HQ returned HTTP 307 — skipping fetch this cycle
[dispatch-sync 2026-04-19T16:07:33-0600] No data from HQ (fetch skipped or failed)
[dispatch-sync 2026-04-19T16:07:33-0600] hyo-inbox.jsonl: 0 total, 0
0 unread
[dispatch-sync 2026-04-19T16:07:33-0600] Context: session was active in last 24h — Kai likely has live context
[dispatch-sync 2026-04-19T16:07:33-0600] === Dispatch sync complete: 0 new messages ===
[dispatch-sync 2026-04-20T16:08:07-0600] === Dispatch sync starting ===
[dispatch-sync 2026-04-20T16:08:07-0600] Session detected: KAI_BRIEF.md updated 0h ago — chat was present
[dispatch-sync 2026-04-20T16:08:07-0600] Fetching Hyo messages from https://hyo.world...
[dispatch-sync 2026-04-20T16:08:07-0600] WARNING: HQ returned HTTP 307 — skipping fetch this cycle
[dispatch-sync 2026-04-20T16:08:07-0600] No data from HQ (fetch skipped or failed)
[dispatch-sync 2026-04-20T16:08:07-0600] hyo-inbox.jsonl: 0 total, 0
0 unread
[dispatch-sync 2026-04-20T16:08:07-0600] Context: session was active in last 24h — Kai likely has live context
[dispatch-sync 2026-04-20T16:08:07-0600] === Dispatch sync complete: 0 new messages ===
[dispatch-sync 2026-04-21T16:07:34-0600] === Dispatch sync starting ===
[dispatch-sync 2026-04-21T16:07:34-0600] Session detected: KAI_BRIEF.md updated 0h ago — chat was present
[dispatch-sync 2026-04-21T16:07:34-0600] Fetching Hyo messages from https://hyo.world...
[dispatch-sync 2026-04-21T16:07:34-0600] WARNING: HQ returned HTTP 307 — skipping fetch this cycle
[dispatch-sync 2026-04-21T16:07:34-0600] No data from HQ (fetch skipped or failed)
[dispatch-sync 2026-04-21T16:07:34-0600] hyo-inbox.jsonl: 236 total, 236 unread
[dispatch-sync 2026-04-21T16:07:34-0600] Context: session was active in last 24h — Kai likely has live context
[dispatch-sync 2026-04-21T16:07:34-0600] === Dispatch sync complete: 0 new messages ===
[dispatch-sync 2026-04-22T16:06:39-0600] === Dispatch sync starting ===
[dispatch-sync 2026-04-22T16:06:39-0600] Session detected: KAI_BRIEF.md updated 0h ago — chat was present
[dispatch-sync 2026-04-22T16:06:39-0600] Fetching Hyo messages from https://hyo.world...
[dispatch-sync 2026-04-22T16:06:39-0600] WARNING: HQ returned HTTP 307 — skipping fetch this cycle
[dispatch-sync 2026-04-22T16:06:39-0600] No data from HQ (fetch skipped or failed)
[dispatch-sync 2026-04-22T16:06:39-0600] hyo-inbox.jsonl: 3622 total, 3622 unread
[dispatch-sync 2026-04-22T16:06:39-0600] Context: session was active in last 24h — Kai likely has live context
[dispatch-sync 2026-04-22T16:06:39-0600] === Dispatch sync complete: 0 new messages ===
[dispatch-sync 2026-04-23T16:07:05-0600] === Dispatch sync starting ===
[dispatch-sync 2026-04-23T16:07:05-0600] Session detected: KAI_BRIEF.md updated 0h ago — chat was present
[dispatch-sync 2026-04-23T16:07:05-0600] Fetching Hyo messages from https://hyo.world...
[dispatch-sync 2026-04-23T16:07:05-0600] WARNING: HQ returned HTTP 307 — skipping fetch this cycle
[dispatch-sync 2026-04-23T16:07:05-0600] No data from HQ (fetch skipped or failed)
[dispatch-sync 2026-04-23T16:07:05-0600] hyo-inbox.jsonl: 2083 total, 2083 unread
[dispatch-sync 2026-04-23T16:07:05-0600] Context: session was active in last 24h — Kai likely has live context
[dispatch-sync 2026-04-23T16:07:05-0600] === Dispatch sync complete: 0 new messages ===
[dispatch-sync 2026-04-24T16:06:56-0600] === Dispatch sync starting ===
[dispatch-sync 2026-04-24T16:06:56-0600] Session detected: KAI_BRIEF.md updated 0h ago — chat was present
[dispatch-sync 2026-04-24T16:06:56-0600] Fetching Hyo messages from https://hyo.world...
[dispatch-sync 2026-04-24T16:06:56-0600] WARNING: HQ returned HTTP 307 — skipping fetch this cycle
[dispatch-sync 2026-04-24T16:06:56-0600] No data from HQ (fetch skipped or failed)
[dispatch-sync 2026-04-24T16:06:56-0600] hyo-inbox.jsonl: 1758 total, 1757 unread
[dispatch-sync 2026-04-24T16:06:56-0600] Context: session was active in last 24h — Kai likely has live context
[dispatch-sync 2026-04-24T16:06:56-0600] === Dispatch sync complete: 0 new messages ===
[dispatch-sync 2026-04-25T16:06:57-0600] === Dispatch sync starting ===
[dispatch-sync 2026-04-25T16:06:57-0600] Session detected: KAI_BRIEF.md updated 0h ago — chat was present
[dispatch-sync 2026-04-25T16:06:57-0600] Fetching Hyo messages from https://hyo.world...
[dispatch-sync 2026-04-25T16:06:57-0600] WARNING: HQ returned HTTP 307 — skipping fetch this cycle
[dispatch-sync 2026-04-25T16:06:57-0600] No data from HQ (fetch skipped or failed)
[dispatch-sync 2026-04-25T16:06:57-0600] hyo-inbox.jsonl: 284 total, 284 unread
[dispatch-sync 2026-04-25T16:06:57-0600] Context: session was active in last 24h — Kai likely has live context
[dispatch-sync 2026-04-25T16:06:57-0600] === Dispatch sync complete: 0 new messages ===
[dispatch-sync 2026-04-26T16:07:12-0600] === Dispatch sync starting ===
[dispatch-sync 2026-04-26T16:07:12-0600] Session detected: KAI_BRIEF.md updated 0h ago — chat was present
[dispatch-sync 2026-04-26T16:07:12-0600] Fetching Hyo messages from https://hyo.world...
[dispatch-sync 2026-04-26T16:07:12-0600] WARNING: HQ returned HTTP 307 — skipping fetch this cycle
[dispatch-sync 2026-04-26T16:07:12-0600] No data from HQ (fetch skipped or failed)
[dispatch-sync 2026-04-26T16:07:12-0600] hyo-inbox.jsonl: 2157 total, 2157 unread
[dispatch-sync 2026-04-26T16:07:12-0600] Context: session was active in last 24h — Kai likely has live context
[dispatch-sync 2026-04-26T16:07:12-0600] === Dispatch sync complete: 0 new messages ===
[dispatch-sync 2026-04-27T16:10:09-0600] === Dispatch sync starting ===
[dispatch-sync 2026-04-27T16:10:09-0600] Session detected: KAI_BRIEF.md updated 0h ago — chat was present
[dispatch-sync 2026-04-27T16:10:09-0600] Fetching Hyo messages from https://hyo.world...
[dispatch-sync 2026-04-27T16:10:09-0600] WARNING: HQ returned HTTP 307 — skipping fetch this cycle
[dispatch-sync 2026-04-27T16:10:09-0600] No data from HQ (fetch skipped or failed)
[dispatch-sync 2026-04-27T16:10:09-0600] hyo-inbox.jsonl: 237 total, 237 unread
[dispatch-sync 2026-04-27T16:10:09-0600] Context: session was active in last 24h — Kai likely has live context
[dispatch-sync 2026-04-27T16:10:09-0600] === Dispatch sync complete: 0 new messages ===
[dispatch-sync 2026-04-30T18:29:16-0600] === Dispatch sync starting ===
[dispatch-sync 2026-04-30T18:29:16-0600] Session detected: KAI_BRIEF.md updated 0h ago — chat was present
[dispatch-sync 2026-04-30T18:29:16-0600] Fetching Hyo messages from https://hyo.world...
[dispatch-sync 2026-04-30T18:29:16-0600] WARNING: HQ returned HTTP 307 — skipping fetch this cycle
[dispatch-sync 2026-04-30T18:29:16-0600] No data from HQ (fetch skipped or failed)
[dispatch-sync 2026-04-30T18:29:16-0600] hyo-inbox.jsonl: 221 total, 220 unread
[dispatch-sync 2026-04-30T18:29:16-0600] Context: session was active in last 24h — Kai likely has live context
[dispatch-sync 2026-04-30T18:29:16-0600] === Dispatch sync complete: 0 new messages ===
[dispatch-sync 2026-05-05T19:10:57-0600] === Dispatch sync starting ===
[dispatch-sync 2026-05-05T19:10:57-0600] Session detected: KAI_BRIEF.md updated 0h ago — chat was present
[dispatch-sync 2026-05-05T19:10:57-0600] Fetching Hyo messages from https://hyo.world...
[dispatch-sync 2026-05-05T19:10:57-0600] WARNING: HQ returned HTTP 307 — skipping fetch this cycle
[dispatch-sync 2026-05-05T19:10:57-0600] No data from HQ (fetch skipped or failed)
[dispatch-sync 2026-05-05T19:10:57-0600] hyo-inbox.jsonl: 2699 total, 2698 unread
[dispatch-sync 2026-05-05T19:10:57-0600] Context: session was active in last 24h — Kai likely has live context
[dispatch-sync 2026-05-05T19:10:57-0600] === Dispatch sync complete: 0 new messages ===
[dispatch-sync 2026-05-07T16:08:37-0600] === Dispatch sync starting ===
[dispatch-sync 2026-05-07T16:08:37-0600] Session detected: KAI_BRIEF.md updated 0h ago — chat was present
[dispatch-sync 2026-05-07T16:08:37-0600] Fetching Hyo messages from https://hyo.world...
[dispatch-sync 2026-05-07T16:08:37-0600] WARNING: HQ returned HTTP 307 — skipping fetch this cycle
[dispatch-sync 2026-05-07T16:08:37-0600] No data from HQ (fetch skipped or failed)
[dispatch-sync 2026-05-07T16:08:37-0600] hyo-inbox.jsonl: 8136 total, 8135 unread
[dispatch-sync 2026-05-07T16:08:37-0600] Context: session was active in last 24h — Kai likely has live context
[dispatch-sync 2026-05-07T16:08:37-0600] === Dispatch sync complete: 0 new messages ===
[dispatch-sync 2026-05-08T16:07:29-0600] === Dispatch sync starting ===
[dispatch-sync 2026-05-08T16:07:29-0600] Session detected: KAI_BRIEF.md updated 0h ago — chat was present
[dispatch-sync 2026-05-08T16:07:29-0600] Fetching Hyo messages from https://hyo.world...
[dispatch-sync 2026-05-08T16:07:29-0600] WARNING: HQ returned HTTP 307 — skipping fetch this cycle
[dispatch-sync 2026-05-08T16:07:29-0600] No data from HQ (fetch skipped or failed)
[dispatch-sync 2026-05-08T16:07:29-0600] hyo-inbox.jsonl: 11016 total, 11015 unread
[dispatch-sync 2026-05-08T16:07:29-0600] Context: session was active in last 24h — Kai likely has live context
[dispatch-sync 2026-05-08T16:07:29-0600] === Dispatch sync complete: 0 new messages ===
[dispatch-sync 2026-05-09T16:09:16-0600] === Dispatch sync starting ===
[dispatch-sync 2026-05-09T16:09:16-0600] Session detected: KAI_BRIEF.md updated 0h ago — chat was present
[dispatch-sync 2026-05-09T16:09:16-0600] Fetching Hyo messages from https://hyo.world...
[dispatch-sync 2026-05-09T16:09:16-0600] WARNING: HQ returned HTTP 307 — skipping fetch this cycle
[dispatch-sync 2026-05-09T16:09:16-0600] No data from HQ (fetch skipped or failed)
[dispatch-sync 2026-05-09T16:09:16-0600] hyo-inbox.jsonl: 13960 total, 13959 unread
[dispatch-sync 2026-05-09T16:09:16-0600] Context: session was active in last 24h — Kai likely has live context
[dispatch-sync 2026-05-09T16:09:16-0600] === Dispatch sync complete: 0 new messages ===
[dispatch-sync 2026-05-10T16:11:42-0600] === Dispatch sync starting ===
[dispatch-sync 2026-05-10T16:11:42-0600] Session detected: KAI_BRIEF.md updated 0h ago — chat was present
[dispatch-sync 2026-05-10T16:11:42-0600] Fetching Hyo messages from https://hyo.world...
[dispatch-sync 2026-05-10T16:11:42-0600] WARNING: HQ returned HTTP 307 — skipping fetch this cycle
[dispatch-sync 2026-05-10T16:11:42-0600] No data from HQ (fetch skipped or failed)
[dispatch-sync 2026-05-10T16:11:42-0600] hyo-inbox.jsonl: 16840 total, 16839 unread
[dispatch-sync 2026-05-10T16:11:42-0600] Context: session was active in last 24h — Kai likely has live context
[dispatch-sync 2026-05-10T16:11:42-0600] === Dispatch sync complete: 0 new messages ===
[dispatch-sync 2026-05-11T16:10:50-0600] === Dispatch sync starting ===
[dispatch-sync 2026-05-11T16:10:50-0600] Session detected: KAI_BRIEF.md updated 0h ago — chat was present
[dispatch-sync 2026-05-11T16:10:50-0600] Fetching Hyo messages from https://hyo.world...
[dispatch-sync 2026-05-11T16:10:50-0600] WARNING: HQ returned HTTP 307 — skipping fetch this cycle
[dispatch-sync 2026-05-11T16:10:50-0600] No data from HQ (fetch skipped or failed)
[dispatch-sync 2026-05-11T16:10:50-0600] hyo-inbox.jsonl: 19784 total, 19783 unread
[dispatch-sync 2026-05-11T16:10:50-0600] Context: session was active in last 24h — Kai likely has live context
[dispatch-sync 2026-05-11T16:10:50-0600] === Dispatch sync complete: 0 new messages ===
[dispatch-sync 2026-05-12T16:11:16-0600] === Dispatch sync starting ===
[dispatch-sync 2026-05-12T16:11:16-0600] Session detected: KAI_BRIEF.md updated 0h ago — chat was present
[dispatch-sync 2026-05-12T16:11:16-0600] Fetching Hyo messages from https://hyo.world...
[dispatch-sync 2026-05-12T16:11:16-0600] WARNING: HQ returned HTTP 307 — skipping fetch this cycle
[dispatch-sync 2026-05-12T16:11:16-0600] No data from HQ (fetch skipped or failed)
[dispatch-sync 2026-05-12T16:11:16-0600] hyo-inbox.jsonl: 22664 total, 22663 unread
[dispatch-sync 2026-05-12T16:11:16-0600] Context: session was active in last 24h — Kai likely has live context
[dispatch-sync 2026-05-12T16:11:16-0600] === Dispatch sync complete: 0 new messages ===
[dispatch-sync 2026-05-14T16:09:04-0600] === Dispatch sync starting ===
[dispatch-sync 2026-05-14T16:09:04-0600] Session detected: KAI_BRIEF.md updated 0h ago — chat was present
[dispatch-sync 2026-05-14T16:09:04-0600] Fetching Hyo messages from https://hyo.world...
[dispatch-sync 2026-05-14T16:09:04-0600] WARNING: HQ returned HTTP 307 — skipping fetch this cycle
[dispatch-sync 2026-05-14T16:09:04-0600] No data from HQ (fetch skipped or failed)
[dispatch-sync 2026-05-14T16:09:04-0600] hyo-inbox.jsonl: 28424 total, 28423 unread
[dispatch-sync 2026-05-14T16:09:04-0600] Context: session was active in last 24h — Kai likely has live context
[dispatch-sync 2026-05-14T16:09:04-0600] === Dispatch sync complete: 0 new messages ===
[dispatch-sync 2026-05-15T16:08:20-0600] === Dispatch sync starting ===
[dispatch-sync 2026-05-15T16:08:20-0600] Session detected: KAI_BRIEF.md updated 0h ago — chat was present
[dispatch-sync 2026-05-15T16:08:20-0600] Fetching Hyo messages from https://hyo.world...
[dispatch-sync 2026-05-15T16:08:20-0600] WARNING: HQ returned HTTP 307 — skipping fetch this cycle
[dispatch-sync 2026-05-15T16:08:20-0600] No data from HQ (fetch skipped or failed)
[dispatch-sync 2026-05-15T16:08:20-0600] hyo-inbox.jsonl: 31304 total, 31303 unread
[dispatch-sync 2026-05-15T16:08:20-0600] Context: session was active in last 24h — Kai likely has live context
[dispatch-sync 2026-05-15T16:08:20-0600] === Dispatch sync complete: 0 new messages ===
[dispatch-sync 2026-05-16T16:11:49-0600] === Dispatch sync starting ===
[dispatch-sync 2026-05-16T16:11:49-0600] Session detected: KAI_BRIEF.md updated 0h ago — chat was present
[dispatch-sync 2026-05-16T16:11:49-0600] Fetching Hyo messages from https://hyo.world...
[dispatch-sync 2026-05-16T16:11:49-0600] WARNING: HQ returned HTTP 307 — skipping fetch this cycle
[dispatch-sync 2026-05-16T16:11:49-0600] No data from HQ (fetch skipped or failed)
[dispatch-sync 2026-05-16T16:11:49-0600] hyo-inbox.jsonl: 34248 total, 34247 unread
[dispatch-sync 2026-05-16T16:11:49-0600] Context: session was active in last 24h — Kai likely has live context
[dispatch-sync 2026-05-16T16:11:49-0600] === Dispatch sync complete: 0 new messages ===
[dispatch-sync 2026-05-17T16:08:43-0600] === Dispatch sync starting ===
[dispatch-sync 2026-05-17T16:08:43-0600] Session detected: KAI_BRIEF.md updated 0h ago — chat was present
[dispatch-sync 2026-05-17T16:08:43-0600] Fetching Hyo messages from https://hyo.world...
[dispatch-sync 2026-05-17T16:08:43-0600] WARNING: HQ returned HTTP 307 — skipping fetch this cycle
[dispatch-sync 2026-05-17T16:08:43-0600] No data from HQ (fetch skipped or failed)
[dispatch-sync 2026-05-17T16:08:43-0600] hyo-inbox.jsonl: 37064 total, 37063 unread
[dispatch-sync 2026-05-17T16:08:43-0600] Context: session was active in last 24h — Kai likely has live context
[dispatch-sync 2026-05-17T16:08:43-0600] === Dispatch sync complete: 0 new messages ===
[dispatch-sync 2026-05-19T16:08:25-0600] === Dispatch sync starting ===
[dispatch-sync 2026-05-19T16:08:25-0600] Session detected: KAI_BRIEF.md updated 0h ago — chat was present
[dispatch-sync 2026-05-19T16:08:25-0600] Fetching Hyo messages from https://hyo.world...
[dispatch-sync 2026-05-19T16:08:25-0600] WARNING: HQ returned HTTP 307 — skipping fetch this cycle
[dispatch-sync 2026-05-19T16:08:25-0600] No data from HQ (fetch skipped or failed)
[dispatch-sync 2026-05-19T16:08:25-0600] hyo-inbox.jsonl: 42824 total, 42823 unread
[dispatch-sync 2026-05-19T16:08:25-0600] Context: session was active in last 24h — Kai likely has live context
[dispatch-sync 2026-05-19T16:08:25-0600] === Dispatch sync complete: 0 new messages ===
[dispatch-sync 2026-05-21T16:05:27-0600] === Dispatch sync starting ===
[dispatch-sync 2026-05-21T16:05:27-0600] Session detected: KAI_BRIEF.md updated 0h ago — chat was present
[dispatch-sync 2026-05-21T16:05:27-0600] Fetching Hyo messages from https://hyo.world...
[dispatch-sync 2026-05-21T16:05:27-0600] WARNING: HQ returned HTTP 307 — skipping fetch this cycle
[dispatch-sync 2026-05-21T16:05:27-0600] No data from HQ (fetch skipped or failed)
[dispatch-sync 2026-05-21T16:05:27-0600] hyo-inbox.jsonl: 48584 total, 48583 unread
[dispatch-sync 2026-05-21T16:05:27-0600] Context: session was active in last 24h — Kai likely has live context
[dispatch-sync 2026-05-21T16:05:27-0600] === Dispatch sync complete: 0 new messages ===
[dispatch-sync 2026-05-22T16:06:33-0600] === Dispatch sync starting ===
[dispatch-sync 2026-05-22T16:06:33-0600] Session detected: KAI_BRIEF.md updated 0h ago — chat was present
[dispatch-sync 2026-05-22T16:06:33-0600] Fetching Hyo messages from https://hyo.world...
[dispatch-sync 2026-05-22T16:06:33-0600] WARNING: HQ returned HTTP 307 — skipping fetch this cycle
[dispatch-sync 2026-05-22T16:06:33-0600] No data from HQ (fetch skipped or failed)
[dispatch-sync 2026-05-22T16:06:33-0600] hyo-inbox.jsonl: 51404 total, 51403 unread
[dispatch-sync 2026-05-22T16:06:33-0600] Context: session was active in last 24h — Kai likely has live context
[dispatch-sync 2026-05-22T16:06:33-0600] === Dispatch sync complete: 0 new messages ===
[dispatch-sync 2026-05-23T16:06:40-0600] === Dispatch sync starting ===
[dispatch-sync 2026-05-23T16:06:40-0600] Session detected: KAI_BRIEF.md updated 0h ago — chat was present
[dispatch-sync 2026-05-23T16:06:40-0600] Fetching Hyo messages from https://hyo.world...
[dispatch-sync 2026-05-23T16:06:40-0600] WARNING: HQ returned HTTP 307 — skipping fetch this cycle
[dispatch-sync 2026-05-23T16:06:40-0600] No data from HQ (fetch skipped or failed)
[dispatch-sync 2026-05-23T16:06:40-0600] hyo-inbox.jsonl: 54280 total, 54279 unread
[dispatch-sync 2026-05-23T16:06:40-0600] Context: session was active in last 24h — Kai likely has live context
[dispatch-sync 2026-05-23T16:06:40-0600] === Dispatch sync complete: 0 new messages ===
[dispatch-sync 2026-05-24T16:06:00-0600] === Dispatch sync starting ===
[dispatch-sync 2026-05-24T16:06:00-0600] Session detected: KAI_BRIEF.md updated 0h ago — chat was present
[dispatch-sync 2026-05-24T16:06:00-0600] Fetching Hyo messages from https://hyo.world...
[dispatch-sync 2026-05-24T16:06:00-0600] WARNING: HQ returned HTTP 307 — skipping fetch this cycle
[dispatch-sync 2026-05-24T16:06:00-0600] No data from HQ (fetch skipped or failed)
[dispatch-sync 2026-05-24T16:06:00-0600] hyo-inbox.jsonl: 1693 total, 1691 unread
[dispatch-sync 2026-05-24T16:06:00-0600] Context: session was active in last 24h — Kai likely has live context
[dispatch-sync 2026-05-24T16:06:00-0600] === Dispatch sync complete: 0 new messages ===
[dispatch-sync 2026-05-25T16:07:05-0600] === Dispatch sync starting ===
[dispatch-sync 2026-05-25T16:07:05-0600] Session detected: KAI_BRIEF.md updated 0h ago — chat was present
[dispatch-sync 2026-05-25T16:07:05-0600] Fetching Hyo messages from https://hyo.world...
[dispatch-sync 2026-05-25T16:07:05-0600] WARNING: HQ returned HTTP 307 — skipping fetch this cycle
[dispatch-sync 2026-05-25T16:07:05-0600] No data from HQ (fetch skipped or failed)
[dispatch-sync 2026-05-25T16:07:05-0600] hyo-inbox.jsonl: 4509 total, 4507 unread
[dispatch-sync 2026-05-25T16:07:05-0600] Context: session was active in last 24h — Kai likely has live context
[dispatch-sync 2026-05-25T16:07:05-0600] === Dispatch sync complete: 0 new messages ===
